<testsuites name="results">
  <testsuite name="all" package="all">
    <property name="random_seed" value="1783360420" />
    <testcase name="dual_agent" classname="sim.tests.test_dual_agent" file="/home/bdballa/cocotb_projects/cocotb_verif_accumulator/sim/tests/test_dual_agent.py" lineno="15" time="0.10270571708679199" sim_time_ns="342.0" ratio_time="3329.902265430766" />
  </testsuite>
</testsuites>